<details> <summary> <b>packages new commit log :rocket: </b> </summary>

#### [:mega: Full Changelog. ](https://github.com/openwrt/packages/compare/32dd807af85e709fb0965aae58be9f50f8bef412...19fd1072a2ae1dafa3a7b703e269344c00404ecc)  
:heavy_exclamation_mark: The list displays only the latest 15 commit logs.  

SHA|Author|Date|Message
-|-|-|-
19fd1072a|Remi Gacogne|Tue Sep 8 10:41:57 2026 +0200|pdns: security update to 4.9.17
dd6a9799f|George Sapkin|Sun May 10 02:59:18 2026 +0300|pdns: update config arguments
51ad82abd|Remi Gacogne|Tue Sep 8 10:46:04 2026 +0200|pdns-recursor: security update to 5.2.13
92bc64441|George Sapkin|Wed Sep 30 21:01:26 2026 +0300|golang: mark 1.27 as host-only
880b3baf8|George Sapkin|Wed Sep 2 16:01:59 2026 +0300|golang: bump 1.27 to 1.27.1
2558a94e1|George Sapkin|Wed Sep 2 15:30:14 2026 +0300|golang: add support for host-only version series
4aba19f29|George Sapkin|Wed Aug 19 21:54:44 2026 +0300|golang: add 1.27.0
2c3fb3263|George Sapkin|Mon Aug 10 18:31:59 2026 +0300|golang: fix target binary stripping
05772f3b8|George Sapkin|Mon Aug 10 18:29:57 2026 +0300|golang: remove redundant quotes in extra_provides
42cd716d5|Josef Schlehofer|Sun Sep 27 21:44:41 2026 +0200|exim: update to 4.100.1
fb7d7b3ab|Josef Schlehofer|Sun Sep 27 21:44:40 2026 +0200|exim: add download URL for superseded releases
9f439079f|Ivan Pavlov|Thu Sep 24 22:30:35 2026 +0300|rsync: update to 3.5.1
a14cd3312|George Sapkin|Sun May 24 23:10:27 2026 +0300|rsync: add version check override
a0f47dd3d|Fabrice Fontaine|Fri Mar 13 22:35:39 2026 +0100|net/rsync: fix PKG_CPE_ID
c3d309efa|Seo Suchan|Fri May 29 00:10:15 2026 +0900|libxslt: add test-version.sh


</details>
