<details> <summary> <b>openwrt-passwall new commit log :rocket: </b> </summary>

#### [:mega: Full Changelog. ](https://github.com/Openwrt-Passwall/openwrt-passwall/compare/219fca227535f1837cc322cfe504bdd7ada3f246...2d8e8c8144ff7cde3818513478cc644d56c2ecb8)  
:heavy_exclamation_mark: The list displays only the latest 15 commit logs.  

SHA|Author|Date|Message
-|-|-|-
2d8e8c81|A-BO|Mon Oct 5 20:10:14 2026 +0800|luci: add MASQUE support (server)
7a6f32bd|A-BO|Mon Oct 5 15:48:48 2026 +0800|luci: add MASQUE support (client)
4a56d800|A-BO|Mon Oct 5 14:13:10 2026 +0800|luci: optimize
a60c49eb|A-BO|Sun Oct 4 22:18:34 2026 +0800|luci: bump 26.10.4
8190b02a|A-BO|Sun Oct 4 22:15:51 2026 +0800|luci: add quic receive window settings for hy2
d7584ecd|A-BO|Sun Oct 4 20:40:50 2026 +0800|luci: add LuCI main program update function
2ccbd9a1|A-BO|Sun Oct 4 14:42:27 2026 +0800|luci: adjust LuCI get remote version number logic
b27c3899|A-BO|Sun Oct 4 12:42:13 2026 +0800|luci: add download progress display in app updates
e9117b8a|A-BO|Sun Oct 4 11:17:03 2026 +0800|luci: optimize github proxy in app update
75be384b|A-BO|Sat Oct 3 21:45:47 2026 +0800|luci: bump 26.10.3
05463b83|A-BO|Sat Oct 3 21:22:39 2026 +0800|luci: optimize dns log
eca13dc2|A-BO|Sat Oct 3 20:42:18 2026 +0800|luci: fix the `remove` function in api
f9383b01|A-BO|Sat Oct 3 16:05:44 2026 +0800|luci: Change FakeIPv4Pool to 198.18.0.0/16
f8bced10|A-BO|Sat Oct 3 15:44:22 2026 +0800|luci: output geoview error messages
d1094a6e|A-BO|Fri Oct 2 20:50:43 2026 +0800|luci: adjust smartdns start/stop logic


</details>
